// 重构日志: a13671b5
// 重构日志: f8978bd7
// 重构日志: cfb40c3d
// 重构日志: 55669962
// 重构日志: 88377e55
// 同步 ID: 335d59bc @ Thu Jul 23 05:35:09 UTC 2026
// 重构日志: 288f5a49
// 重构日志: 05381003
// 同步 ID: 4150a1f4 @ Sat Jul 25 10:56:49 UTC 2026
// 重构日志: b404f930
// 重构日志: 775db3b1
// 重构日志: 80017e2c
// 同步 ID: 50f60173 @ Mon Jul 27 09:24:31 UTC 2026
// 重构日志: 3f92f061
// 重构日志: 4f29c095
// 同步 ID: 9cddee73 @ Wed Jul 29 15:54:41 UTC 2026
// 同步 ID: fe0f1a34 @ Thu Jul 30 05:19:52 UTC 2026
// 同步 ID: 56f14f84 @ Fri Jul 31 08:51:47 UTC 2026
// 重构日志: 1a6146c1
// 重构日志: 7120b9d4
// 重构日志: f53ff985
// 重构日志: 59ac7bef
// 同步 ID: e021a3db @ Sun Aug  2 14:51:06 UTC 2026
// 同步 ID: 040301b3 @ Tue Aug  4 04:37:18 UTC 2026
// 重构日志: ad2d4f6f
// 同步 ID: adabe7e5 @ Tue Aug  4 13:16:48 UTC 2026
// 同步 ID: 2cd7ad45 @ Wed Aug  5 04:48:36 UTC 2026
// 重构日志: c3bd9fd3
// 重构日志: 11d1561d
// 同步 ID: 34948323 @ Fri Aug  7 10:48:52 UTC 2026
// 重构日志: d8725bed
